warning: function cannot return without recursing
 --> 1204.rs:8:1
  |
8 | fn evil(x: Int) -> Int {
  | ^^^^^^^^^^^^^^^^^^^^^^ cannot return without recursing
9 |     evil(-x) + 1
  |     -------- recursive call site
  |
  = help: a `loop` may express intention better if this is on purpose
  = note: `#[warn(unconditional_recursion)]` on by default

warning: function `evil` is never used
 --> 1204.rs:8:4
  |
8 | fn evil(x: Int) -> Int {
  |    ^^^^
  |
  = note: `#[warn(dead_code)]` on by default

warning: function `wrong` is never used
  --> 1204.rs:14:4
   |
14 | fn wrong() {
   |    ^^^^^

warning: 3 warnings emitted

