warning: trait `T` is never used
 --> specialize.rs:6:7
  |
6 | trait T {
  |       ^
  |
  = note: `#[warn(dead_code)]` on by default

warning: function `f` is never used
  --> specialize.rs:22:4
   |
22 | fn f(v: Vec<u32>) {
   |    ^

warning: function `g` is never used
  --> specialize.rs:28:4
   |
28 | fn g<T>(v: Vec<T>) {
   |    ^

warning: function `h` is never used
  --> specialize.rs:35:4
   |
35 | fn h(v: Vec<i32>) {
   |    ^

warning: 4 warnings emitted

