warning: trait `Tr` is never used
 --> 17_impl_refinement.rs:7:7
  |
7 | trait Tr {
  |       ^^
  |
  = note: `#[warn(dead_code)]` on by default

warning: trait `ReqFalse` is never used
  --> 17_impl_refinement.rs:20:7
   |
20 | trait ReqFalse {
   |       ^^^^^^^^

warning: 2 warnings emitted

